// Jest Snapshot v1, https://goo.gl/fbAQLP

exports[`NavigationContainer renders the DetailsScreen component for the "Details" route 1`] = `null`;

exports[`NavigationContainer renders the ListScreen component for the "List" route 1`] = `null`;

exports[`NavigationContainer renders the navigation container without crashing 1`] = `null`;
